[getmimo.com/index.html]
[backblue.gif]
[fade.gif]
[index.html]
[getmimo.com/cdn-cgi/apps/head/MU9MQkFgoAddDyvxAC51xpT5ziw.js]
[getmimo.com/static/img/favicon/apple-icon-57x57.png]
[getmimo.com/static/img/favicon/apple-icon-60x60.png]
[getmimo.com/static/img/favicon/apple-icon-72x72.png]
[getmimo.com/static/img/favicon/apple-icon-76x76.png]
[getmimo.com/static/img/favicon/apple-icon-114x114.png]
[getmimo.com/static/img/favicon/apple-icon-120x120.png]
[getmimo.com/static/img/favicon/apple-icon-144x144.png]
[getmimo.com/static/img/favicon/apple-icon-152x152.png]
[getmimo.com/static/img/favicon/apple-icon-180x180.png]
[getmimo.com/static/img/favicon/android-icon-192x192.png]
[getmimo.com/static/img/favicon/favicon-32x32.png]
[getmimo.com/static/img/favicon/favicon-96x96.png]
[getmimo.com/static/img/favicon/favicon-16x16.png]
[getmimo.com/static/css/main.min.css]
[getmimo.com/r/fonts/565087/D37F78A841D5CC596.css]
[cdn.optimizely.com/js/8169522548.js]
[connect.facebook.net/en_US/fbevents.js]
[getmimo.com/static/img/iphone.svg]
[getmimo.com/static/img/nav-logo.svg]
[getmimo.com/jobs/index.html]
[getmimo.com/static/img/apple-icon.svg]
[getmimo.com/static/img/android-icon.svg]
[getmimo.com/static/img/press/press-2.svg]
[getmimo.com/static/img/press/press-3.svg]
[getmimo.com/download/index.html]
[getmimo.com/static/img/press/press-4.svg]
[getmimo.com/static/img/press/press-5.svg]
[getmimo.com/cdn-cgi/l/email-protection.html]
[getmimo.com/static/img/fb-icon.svg]
[getmimo.com/legal/index.html]
[getmimo.com/static/img/twitter-icon.svg]
[getmimo.com/static/img/medium-icon.svg]
[getmimo.com/static/img/vba-logo-black.svg]
[getmimo.com/index.html]
[code.jquery.com/jquery-1.11.0.min.js]
[code.jquery.com/jquery-migrate-1.2.1.min.js]
[getmimo.com/static/img/favicon/apple-icon-72x72.html]
[getmimo.com/static/img/favicon/apple-icon-144x144.html]
[getmimo.com/static/img/favicon/favicon-96x96.html]
[getmimo.com/static/css/main.min.css]
[getmimo.com/r/fonts/565087/D37F78A841D5CC596.css]
[connect.facebook.net/en_US/fbevents.js]
[getmimo.com/static/js/main.min.js]
[getmimo.com/static/img/iphone.svg]
[getmimo.com/static/img/nav-logo.svg]
[getmimo.com/terms/index.html]
[getmimo.com/static/img/about/about-1.png]
[getmimo.com/static/img/about/office-1.png]
[getmimo.com/static/img/about/office-2.png]
[getmimo.com/static/img/about/office-3.png]
[getmimo.com/static/img/about/office-4.png]
[getmimo.com/static/img/perks/vacation.png]
[getmimo.com/static/img/perks/pingpong.png]
[getmimo.com/static/img/perks/technology.png]
[getmimo.com/static/img/perks/home.png]
[getmimo.com/static/img/about/team.png]
[getmimo.com/static/img/about/team-map.png]
[getmimo.com/jobs/ios-developer.html]
[getmimo.com/jobs/course-engineer.html]
[getmimo.com/jobs/android-developer.html]
[getmimo.com/jobs/index.html]
[getmimo.com/download/index.html]
[getmimo.com/static/img/apple-icon.svg]
[getmimo.com/static/img/android-icon.svg]
[getmimo.com/static/img/press/press-2.svg]
[getmimo.com/static/img/press/press-3.svg]
[getmimo.com/static/img/press/press-4.svg]
[getmimo.com/static/img/press/press-5.svg]
[getmimo.com/cdn-cgi/l/email-protection.html]
[getmimo.com/jobs/illustrator.html]
[getmimo.com/legal/index.html]
[getmimo.com/terms/index.html]
[getmimo.com/static/img/fb-icon.svg]
[getmimo.com/static/img/twitter-icon.svg]
[getmimo.com/static/img/medium-icon.svg]
[getmimo.com/static/img/vba-logo-black.svg]
[getmimo.com/static/img/legal.svg]
[getmimo.com/HEAD]
[getmimo.com/static/js/main.min.js]
[getmimo.com/jobs/ios-developer.html]
[getmimo.com/jobs/course-engineer.html]
[getmimo.com/jobs/android-developer.html]
[getmimo.com/jobs/illustrator.html]
[getmimo.com/static/img/legal.svg]
[getmimo.com/HEAD.html]
